// Jest Snapshot v1, https://goo.gl/fbAQLP

exports[`<HelloApp/> Should render LandingPage correctly. 1`] = `
<div>
  <div
    className="header_title"
  >
    Hello
  </div>
  <div
    className="header_subtitle"
  >
    Put your life in the hands of a computer.
  </div>
</div>
`;
