// Jest Snapshot v1, https://goo.gl/fbAQLP

exports[`SelectionParmsPanel tests Should render the ReportParmsPanel with selected Report. 1`] = `
<Fragment>
  <label
    className="field-label-align-close"
  >
    Select Report
  </label>
  <StateManager
    autoFocus={true}
    className="shared-dropdown"
    classNamePrefix="shared-select"
    defaultInputValue=""
    defaultMenuIsOpen={false}
    defaultValue={null}
    id="report-select"
    isLoading={false}
    onChange={[Function]}
    options={
      [
        {
          "description": "Clinical admissions over 21 days",
          "id": 1,
          "label": "Long Term Clinic Admissions",
          "parameters": "",
          "rsParameters": "&rs:Command=Render",
          "value": "LabkeyReports/LongTermClinic",
        },
        {
          "description": "Last TB test and physical exams that are over 180 days",
          "id": 2,
          "label": "Overdue TB and Physical",
          "parameters": "",
          "rsParameters": "&rs:Command=Render",
          "value": "CenterReports/Routine%20Health/OverduePhyTB",
        },
        {
          "description": "Baboon infants that are ready to be weaned",
          "id": 3,
          "label": "Baboon weaning",
          "parameters": "",
          "rsParameters": "&rs:Command=Render",
          "value": "ColonyReports/Boon_weaning",
        },
        {
          "description": "Rhesus infants that are ready to be weaned",
          "id": 4,
          "label": "Rhesus SPF weaning",
          "parameters": "",
          "rsParameters": "&rs:Command=Render",
          "value": "ColonyReports/rh2_weaning",
        },
        {
          "description": "Colony census as of today",
          "id": 5,
          "label": "Colony Census (current)",
          "parameters": "",
          "rsParameters": "&rs:Command=Render",
          "value": "testReport1",
        },
        {
          "description": "Colony census on a specific date",
          "id": 6,
          "label": "Colony Census (select date)",
          "parameters": "targetDate:Date:Target Date",
          "rsParameters": "&rs:Command=Render",
          "value": "testReport2",
        },
        {
          "description": "Birth certificate for animal",
          "id": 7,
          "label": "Birth record report",
          "parameters": "TargetID:string:Animal Id",
          "rsParameters": "&rc:Parameters=Collapsed",
          "value": "Development/BirthRecord",
        },
        {
          "description": "Target Date is used to determine 3yr period.",
          "id": 8,
          "label": "IACUC 3yr Rollover (Standard)",
          "parameters": "IACUC:string:IACUC, TargetDate:Date:Target Date",
          "rsParameters": "&rc:Parameters=Collapsed",
          "value": "CenterReports/IACUC/3YrRollover&Mode=1",
        },
        {
          "description": "Target Date sets the end date.  Start date is 3 years before target date.",
          "id": 8,
          "label": "IACUC 3yr Rollover (Backdate)",
          "parameters": "IACUC:string:IACUC, TargetDate:Date:Target Date",
          "rsParameters": "&rc:Parameters=Collapsed",
          "value": "CenterReports/IACUC/3YrRollover&Mode=2",
        },
        {
          "description": "Target date sets the end date.  Start date is the start date before the target date. Could result in more or less than 3 yrs.",
          "id": 10,
          "label": "IACUC 3yr Rollover (Harddate)",
          "parameters": "IACUC:string:IACUC, TargetDate:Date:Target Date",
          "rsParameters": "&rc:Parameters=Collapsed",
          "value": "CenterReports/IACUC/3YrRollover&Mode=3",
        },
      ]
    }
    placeholder="Select Report"
    value={
      {
        "description": "Clinical admissions over 21 days",
        "id": 1,
        "label": "Long Term Clinic Admissions",
        "parameters": "",
        "rsParameters": "&rs:Command=Render",
        "value": "LabkeyReports/LongTermClinic",
      }
    }
  />
</Fragment>
`;
